###############################################################################
#
# IAR ELF Linker V7.70.1.11437/W32 for ARM                25/Aug/2016  20:53:48
# Copyright 2007-2016 IAR Systems AB.
#
#    Output file  =  
#        C:\Embedded Projects\Embedded Projects\Verified Projects For
#        Resume\Timer\Debug\Exe\c.out
#    Map file     =  
#        C:\Embedded Projects\Embedded Projects\Verified Projects For
#        Resume\Timer\Debug\List\c.map
#    Command line =  
#        "C:\Embedded Projects\Embedded Projects\Verified Projects For
#        Resume\Timer\Debug\Obj\main.o" -o "C:\Embedded Projects\Embedded
#        Projects\Verified Projects For Resume\Timer\Debug\Exe\c.out"
#        --redirect _Printf=_PrintfFull --redirect _Scanf=_ScanfFull --map
#        "C:\Embedded Projects\Embedded Projects\Verified Projects For
#        Resume\Timer\Debug\List\c.map" --config "C:\Embedded Projects\Embedded
#        Projects\Verified Projects For Resume\Timer\Project.icf" --semihosting
#        --entry __iar_program_start --vfe
#
###############################################################################

*******************************************************************************
*** RUNTIME MODEL ATTRIBUTES
***

CppFlavor       = *
__SystemLibrary = DLib


*******************************************************************************
*** PLACEMENT SUMMARY
***

"A0":  place at 0x00000000 { ro section .intvec };
"P1":  place in [from 0x00000000 to 0x0003ffff] { ro };
"P2":  place in [from 0x20000000 to 0x20007fff] { rw, block CSTACK, block HEAP };

  Section   Kind        Address   Size  Object
  -------   ----        -------   ----  ------
"A0":                             0x40
  .intvec   ro code  0x00000000   0x40  vector_table_M.o [5]
                   - 0x00000040   0x40

"P1":                            0x16c
  .text     ro code  0x00000040   0xf8  main.o [1]
  .text     ro code  0x00000138   0x22  fpinit_M.o [4]
  .text     ro code  0x0000015a    0x2  vector_table_M.o [5]
  .text     ro code  0x0000015c   0x1a  cmain.o [5]
  .text     ro code  0x00000176    0x4  low_level_init.o [3]
  .text     ro code  0x0000017a    0x4  exit.o [3]
  .text     ro code  0x00000180    0xa  cexit.o [5]
  .text     ro code  0x0000018c   0x14  exit.o [6]
  .text     ro code  0x000001a0    0xc  cstartup_M.o [5]
                   - 0x000001ac  0x16c

"P2":                            0x400
  CSTACK             0x20000000  0x400  <Block>
    CSTACK  uninit   0x20000000  0x400  <Block tail>
                   - 0x20000400  0x400



*******************************************************************************
*** MODULE SUMMARY
***

    Module            ro code  rw data
    ------            -------  -------
C:\Embedded Projects\Embedded Projects\Verified Projects For Resume\Timer\Debug\Obj: [1]
    main.o                248
    ----------------------------------
    Total:                248

command line: [2]
    ----------------------------------
    Total:

dl7M_tln.a: [3]
    exit.o                  4
    low_level_init.o        4
    ----------------------------------
    Total:                  8

m7M_tls.a: [4]
    fpinit_M.o             34
    ----------------------------------
    Total:                 34

rt7M_tl.a: [5]
    cexit.o                10
    cmain.o                26
    cstartup_M.o           12
    vector_table_M.o       66
    ----------------------------------
    Total:                114

shb_l.a: [6]
    exit.o                 20
    ----------------------------------
    Total:                 20

    Gaps                    4
    Linker created               1 024
--------------------------------------
    Grand Total:          428    1 024


*******************************************************************************
*** ENTRY LIST
***

Entry                    Address  Size  Type      Object
-----                    -------  ----  ----      ------
?main                 0x0000015d        Code  Gb  cmain.o [5]
CSTACK$$Base          0x20000000         --   Gb  - Linker created -
CSTACK$$Limit         0x20000400         --   Gb  - Linker created -
Region$$Table$$Base   0x00000000         --   Gb  - Linker created -
Region$$Table$$Limit  0x00000000         --   Gb  - Linker created -
__cmain               0x0000015d        Code  Gb  cmain.o [5]
__exit                0x0000018d  0x14  Code  Gb  exit.o [6]
__iar_init_vfp        0x00000139        Code  Gb  fpinit_M.o [4]
__iar_program_start   0x000001a1        Code  Gb  cstartup_M.o [5]
__low_level_init      0x00000177   0x4  Code  Gb  low_level_init.o [3]
__vector_table        0x00000000        Data  Gb  vector_table_M.o [5]
_call_main            0x00000169        Code  Gb  cmain.o [5]
_exit                 0x00000181        Code  Gb  cexit.o [5]
_main                 0x00000173        Code  Gb  cmain.o [5]
exit                  0x0000017b   0x4  Code  Gb  exit.o [3]
main                  0x00000041  0xb2  Code  Gb  main.o [1]


[1] = C:\Embedded Projects\Embedded Projects\Verified Projects For Resume\Timer\Debug\Obj
[2] = command line
[3] = dl7M_tln.a
[4] = m7M_tls.a
[5] = rt7M_tl.a
[6] = shb_l.a

    428 bytes of readonly  code memory
  1 024 bytes of readwrite data memory

Errors: none
Warnings: none
